// Jest Snapshot v1, https://goo.gl/fbAQLP

exports[`Testing coin component if: It renders individual coins 1`] = `
Object {
  "asFragment": [Function],
  "baseElement": <body>
    <div>
      <div
        class="coin-container"
      >
        <div
          class="info"
        >
          <img />
          <p
            class="detail-name"
          />
        </div>
        <div
          class="more-info"
        >
          <div
            class="detail-col"
          >
            <span
              class="title"
            >
              Price: 
            </span>
            <span
              class="det"
            />
          </div>
          <div
            class="detail-col"
          >
            <span
              class="title"
            >
              Symbol :
            </span>
            <span
              class="det"
            />
          </div>
          <div
            class="detail-col"
          >
            <span
              class="title"
            >
              Ranking :
            </span>
            <span
              class="det"
            />
          </div>
          <div
            class="detail-col"
          >
            <span
              class="title"
            >
               Market Cap: 
            </span>
            <span
              class="det"
            />
          </div>
          <div
            class="detail-col"
          >
            <span
              class="title"
            >
              Price differ (Week): 
            </span>
            <span
              class="det"
            />
          </div>
          <div
            class="detail-col"
          >
            <span
              class="title"
            >
              Available Supply: 
            </span>
            <span
              class="det"
            />
          </div>
        </div>
      </div>
    </div>
  </body>,
  "container": <div>
    <div
      class="coin-container"
    >
      <div
        class="info"
      >
        <img />
        <p
          class="detail-name"
        />
      </div>
      <div
        class="more-info"
      >
        <div
          class="detail-col"
        >
          <span
            class="title"
          >
            Price: 
          </span>
          <span
            class="det"
          />
        </div>
        <div
          class="detail-col"
        >
          <span
            class="title"
          >
            Symbol :
          </span>
          <span
            class="det"
          />
        </div>
        <div
          class="detail-col"
        >
          <span
            class="title"
          >
            Ranking :
          </span>
          <span
            class="det"
          />
        </div>
        <div
          class="detail-col"
        >
          <span
            class="title"
          >
             Market Cap: 
          </span>
          <span
            class="det"
          />
        </div>
        <div
          class="detail-col"
        >
          <span
            class="title"
          >
            Price differ (Week): 
          </span>
          <span
            class="det"
          />
        </div>
        <div
          class="detail-col"
        >
          <span
            class="title"
          >
            Available Supply: 
          </span>
          <span
            class="det"
          />
        </div>
      </div>
    </div>
  </div>,
  "debug": [Function],
  "findAllByAltText": [Function],
  "findAllByDisplayValue": [Function],
  "findAllByLabelText": [Function],
  "findAllByPlaceholderText": [Function],
  "findAllByRole": [Function],
  "findAllByTestId": [Function],
  "findAllByText": [Function],
  "findAllByTitle": [Function],
  "findByAltText": [Function],
  "findByDisplayValue": [Function],
  "findByLabelText": [Function],
  "findByPlaceholderText": [Function],
  "findByRole": [Function],
  "findByTestId": [Function],
  "findByText": [Function],
  "findByTitle": [Function],
  "getAllByAltText": [Function],
  "getAllByDisplayValue": [Function],
  "getAllByLabelText": [Function],
  "getAllByPlaceholderText": [Function],
  "getAllByRole": [Function],
  "getAllByTestId": [Function],
  "getAllByText": [Function],
  "getAllByTitle": [Function],
  "getByAltText": [Function],
  "getByDisplayValue": [Function],
  "getByLabelText": [Function],
  "getByPlaceholderText": [Function],
  "getByRole": [Function],
  "getByTestId": [Function],
  "getByText": [Function],
  "getByTitle": [Function],
  "queryAllByAltText": [Function],
  "queryAllByDisplayValue": [Function],
  "queryAllByLabelText": [Function],
  "queryAllByPlaceholderText": [Function],
  "queryAllByRole": [Function],
  "queryAllByTestId": [Function],
  "queryAllByText": [Function],
  "queryAllByTitle": [Function],
  "queryByAltText": [Function],
  "queryByDisplayValue": [Function],
  "queryByLabelText": [Function],
  "queryByPlaceholderText": [Function],
  "queryByRole": [Function],
  "queryByTestId": [Function],
  "queryByText": [Function],
  "queryByTitle": [Function],
  "rerender": [Function],
  "unmount": [Function],
}
`;
